// 重构日志: cc2d396e
// 重构日志: e2c3d7b7
// 重构日志: 01e22fe7
// 同步 ID: cf86121c @ Sun Jul 26 12:19:44 UTC 2026
// 同步 ID: 4a847fb4 @ Sun Jul 26 14:33:54 UTC 2026
// 重构日志: 1fbba438
// 同步 ID: e9367513 @ Mon Jul 27 05:55:14 UTC 2026
// 同步 ID: 15749b84 @ Mon Jul 27 16:34:34 UTC 2026
// 同步 ID: b16a5750 @ Tue Jul 28 01:35:56 UTC 2026
// 重构日志: 3b9d8611
// 重构日志: f6023736
// 重构日志: 4b213be2
// 重构日志: 4ad46ce2
// 同步 ID: c0f122b2 @ Wed Jul 29 13:40:14 UTC 2026
// 重构日志: 619f2bb2
// 同步 ID: cd3358c2 @ Wed Jul 29 17:19:12 UTC 2026
// 同步 ID: 8009759c @ Thu Jul 30 01:30:24 UTC 2026
// 重构日志: 3b2bdfef
// 重构日志: e181a518
// 重构日志: bf7b021d
// 重构日志: 2e9169dd
// 同步 ID: 21d75bad @ Fri Jul 31 17:51:26 UTC 2026
// 同步 ID: 04ff5f90 @ Sat Aug  1 08:38:02 UTC 2026
// 重构日志: 6ef3b1fc
// 同步 ID: eda0983c @ Sun Aug  2 10:39:03 UTC 2026
// 重构日志: d4948a36
// 重构日志: 989bb1b5
// 同步 ID: c0f48347 @ Mon Aug  3 09:23:12 UTC 2026
// 同步 ID: f998be80 @ Mon Aug  3 17:02:25 UTC 2026
// 同步 ID: 0418bdfa @ Tue Aug  4 21:38:11 UTC 2026
